src/app/(app)/settings/system/actions.ts(264,16): error TS2339: Property 'systemConfig' does not exist on type 'PrismaClient<PrismaClientOptions, never, DefaultArgs>'.
src/app/(app)/settings/system/actions.ts(273,16): error TS2339: Property 'systemConfig' does not exist on type 'PrismaClient<PrismaClientOptions, never, DefaultArgs>'.
src/app/(app)/settings/system/actions.ts(407,16): error TS2339: Property 'systemConfig' does not exist on type 'Omit<PrismaClient<PrismaClientOptions, never, DefaultArgs>, "$connect" | "$disconnect" | "$on" | "$transaction" | "$use" | "$extends">'.
src/app/(app)/settings/system/actions.ts(415,16): error TS2339: Property 'systemConfig' does not exist on type 'Omit<PrismaClient<PrismaClientOptions, never, DefaultArgs>, "$connect" | "$disconnect" | "$on" | "$transaction" | "$use" | "$extends">'.
src/app/api/sla-definitions/[id]/route.ts(22,35): error TS2339: Property 'sLADefinition' does not exist on type 'PrismaClient<PrismaClientOptions, never, DefaultArgs>'.
src/app/api/sla-definitions/[id]/route.ts(53,35): error TS2339: Property 'sLADefinition' does not exist on type 'PrismaClient<PrismaClientOptions, never, DefaultArgs>'.
src/app/api/sla-definitions/[id]/route.ts(60,18): error TS2339: Property 'sLADefinition' does not exist on type 'PrismaClient<PrismaClientOptions, never, DefaultArgs>'.
src/app/api/sla-definitions/[id]/route.ts(65,40): error TS2339: Property 'sLADefinition' does not exist on type 'PrismaClient<PrismaClientOptions, never, DefaultArgs>'.
src/app/api/sla-definitions/[id]/route.ts(105,33): error TS2339: Property 'sLADefinition' does not exist on type 'PrismaClient<PrismaClientOptions, never, DefaultArgs>'.
src/app/api/sla-definitions/[id]/route.ts(111,16): error TS2339: Property 'sLADefinition' does not exist on type 'PrismaClient<PrismaClientOptions, never, DefaultArgs>'.
src/app/api/sla-definitions/route.ts(27,36): error TS2339: Property 'sLADefinition' does not exist on type 'PrismaClient<PrismaClientOptions, never, DefaultArgs>'.
src/app/api/sla-definitions/route.ts(58,18): error TS2339: Property 'sLADefinition' does not exist on type 'PrismaClient<PrismaClientOptions, never, DefaultArgs>'.
src/app/api/sla-definitions/route.ts(68,37): error TS2339: Property 'sLADefinition' does not exist on type 'PrismaClient<PrismaClientOptions, never, DefaultArgs>'.
src/jobs/sla-scheduler.ts(3,28): error TS2307: Cannot find module '@/services/sla/SLAService' or its corresponding type declarations.
src/jobs/sla-scheduler.ts(21,38): error TS2339: Property 'sLADefinition' does not exist on type 'PrismaClient<PrismaClientOptions, never, DefaultArgs>'.
src/jobs/sla-scheduler.ts(32,37): error TS2339: Property 'sLASnapshot' does not exist on type 'PrismaClient<PrismaClientOptions, never, DefaultArgs>'.
src/lib/encryption.ts(28,37): error TS2339: Property 'systemConfig' does not exist on type 'PrismaClient<PrismaClientOptions, never, DefaultArgs>'.
src/lib/encryption.ts(34,18): error TS2339: Property 'systemConfig' does not exist on type 'PrismaClient<PrismaClientOptions, never, DefaultArgs>'.
src/lib/encryption.ts(60,33): error TS2339: Property 'systemConfig' does not exist on type 'PrismaClient<PrismaClientOptions, never, DefaultArgs>'.
src/lib/encryption.ts(65,20): error TS2339: Property 'systemConfig' does not exist on type 'PrismaClient<PrismaClientOptions, never, DefaultArgs>'.
src/lib/incident-enrichment.ts(57,38): error TS2339: Property 'metricRollup' does not exist on type 'PrismaClient<PrismaClientOptions, never, DefaultArgs>'.
src/lib/incident-enrichment.ts(91,35): error TS2339: Property 'logEntry' does not exist on type 'PrismaClient<PrismaClientOptions, never, DefaultArgs>'.
src/lib/incident-enrichment.ts(107,38): error TS7006: Parameter 'log' implicitly has an 'any' type.
src/lib/retention-policy.ts(27,39): error TS2339: Property 'systemConfig' does not exist on type 'PrismaClient<PrismaClientOptions, never, DefaultArgs>'.
src/lib/retention-policy.ts(55,38): error TS2339: Property 'logEntry' does not exist on type 'PrismaClient<PrismaClientOptions, never, DefaultArgs>'.
src/lib/retention-policy.ts(62,41): error TS2339: Property 'metricRollup' does not exist on type 'PrismaClient<PrismaClientOptions, never, DefaultArgs>'.
src/services/alert-rules/AlertRulesService.ts(2,32): error TS2305: Module '"@prisma/client"' has no exported member 'MetricRollup'.
src/services/alert-rules/AlertRulesService.ts(97,36): error TS2339: Property 'metricRollup' does not exist on type 'PrismaClient<PrismaClientOptions, never, DefaultArgs>'.
src/services/alert-rules/AlertRulesService.ts(116,19): error TS7006: Parameter 'm' implicitly has an 'any' type.
